// Jest Snapshot v1, https://goo.gl/fbAQLP

exports[`CreateTypePage should render correctly 1`] = `
<Connect(WithStyles(ResourceTypePage))
  onSubmit={[Function]}
/>
`;
