// Jest Snapshot v1, https://goo.gl/fbAQLP

exports[`DateField should render correctly 1`] = `
<WithStyles(Tooltip)
  title=""
>
  <AimDatePicker
    emptyLabel=""
    error={false}
    onChange={[Function]}
    required={false}
    value={null}
  />
</WithStyles(Tooltip)>
`;
