// Jest Snapshot v1, https://goo.gl/fbAQLP

exports[`ResourcePoolFilterPanel should render correctly 1`] = `
<div
  className="container"
>
  <TextField
    fullWidth={true}
    label="resourcePoolGridPage.grid.columns.name_i18n"
    onChange={[Function]}
    required={false}
    select={false}
    value=""
    variant="standard"
  />
  <WithStyles(AimAutocomplete)
    getSuggestions={[Function]}
    label="createRequestPage.form.resourceType_i18n"
    onValueChange={[Function]}
    selectedItem={
      Object {
        "key": "0",
        "value": "",
      }
    }
  />
  <WithStyles(AimAutocomplete)
    getSuggestions={[Function]}
    label="resourcePoolGridPage.filters.activeState_i18n"
    onValueChange={[Function]}
    selectedItem={
      Object {
        "key": "0",
        "value": "",
      }
    }
  />
  <div />
  <div />
</div>
`;
