// Jest Snapshot v1, https://goo.gl/fbAQLP

exports[`Overlay should render correctly 1`] = `
<div
  className="container"
>
  <div
    className="innerContainer"
  >
    <Spinner />
    <WithStyles(Typography)>
      Overlay works!!!
    </WithStyles(Typography)>
  </div>
</div>
`;
