// Jest Snapshot v1, https://goo.gl/fbAQLP

exports[`TextField should render correctly 1`] = `
<WithStyles(Tooltip)
  title=""
>
  <TextField
    error={false}
    onChange={[Function]}
    required={false}
    select={false}
    value=""
    variant="standard"
  />
</WithStyles(Tooltip)>
`;
